2025-11-08 12:20:21,218 - src - INFO - Логирование инициализировано для пакета src
2025-11-12 10:02:58,223 - src - INFO - Логирование инициализировано для пакета src
2025-11-12 10:06:18,501 - src - INFO - Логирование инициализировано для пакета src
2025-11-12 10:06:18,572 - MainApplication - INFO - Инициализация камеры...
2025-11-12 10:06:18,572 - MainApplication - INFO - Инициализация камеры...
2025-11-12 10:06:21,861 - src.camera - INFO - Камера инициализирована: 1280x720, FPS: 30.00
2025-11-12 10:06:21,861 - MainApplication - INFO - Инициализация детектора объектов...
2025-11-12 10:06:21,861 - MainApplication - INFO - Инициализация детектора объектов...
2025-11-12 10:06:21,914 - src.object_detector - INFO - Модель загружена: c:\Git_project\cv_project\models\MobileNetSSD_deploy.caffemodel
2025-11-12 10:06:21,914 - src.object_detector - INFO - Конфигурация: c:\Git_project\cv_project\models\MobileNetSSD_deploy.prototxt
2025-11-12 10:06:21,914 - src.object_detector - INFO - Целевой класс: 15 (cat)
2025-11-12 10:06:21,915 - MainApplication - INFO - Инициализация детектора пересечения линии...
2025-11-12 10:06:21,915 - MainApplication - INFO - Инициализация детектора пересечения линии...
2025-11-12 10:06:21,915 - src.line_crossing_detector - INFO - Детектор линии инициализирован с координатами: (320, 360, 960, 360)
2025-11-12 10:06:21,915 - MainApplication - INFO - Инициализация звуковой системы...
2025-11-12 10:06:21,915 - MainApplication - INFO - Инициализация звуковой системы...
2025-11-12 10:06:22,244 - src.sound_player - INFO - Pygame mixer инициализирован
2025-11-12 10:06:22,254 - src.sound_player - INFO - Звуковая система инициализирована: c:\Git_project\cv_project\sounds\beep.wav
2025-11-12 10:06:22,254 - MainApplication - INFO - Инициализация менеджера нарушений...
2025-11-12 10:06:22,254 - MainApplication - INFO - Инициализация менеджера нарушений...
2025-11-12 10:06:22,255 - src.violation_manager - INFO - Директории для нарушений инициализированы
2025-11-12 10:06:22,256 - MainApplication - INFO - Все компоненты успешно инициализированы
2025-11-12 10:06:22,256 - MainApplication - INFO - Все компоненты успешно инициализированы
2025-11-12 10:06:22,256 - MainApplication - ERROR - Ошибка инициализации GUI: ApplicationGUI.__init__() got an unexpected keyword argument 'pause_callback'
2025-11-12 10:06:22,256 - MainApplication - ERROR - Ошибка инициализации GUI: ApplicationGUI.__init__() got an unexpected keyword argument 'pause_callback'
2025-11-12 10:06:22,263 - src.camera - INFO - Ресурсы камеры освобождены
2025-11-12 10:14:49,074 - src - INFO - Логирование инициализировано для пакета src
2025-11-12 10:14:49,134 - MainApplication - INFO - Инициализация камеры...
2025-11-12 10:14:49,134 - MainApplication - INFO - Инициализация камеры...
2025-11-12 10:14:52,277 - src.camera - INFO - Камера инициализирована: 1280x720, FPS: 30.00
2025-11-12 10:14:52,277 - MainApplication - INFO - Инициализация детектора объектов...
2025-11-12 10:14:52,277 - MainApplication - INFO - Инициализация детектора объектов...
2025-11-12 10:14:52,323 - src.object_detector - INFO - Модель загружена: c:\Git_project\cv_project\models\MobileNetSSD_deploy.caffemodel
2025-11-12 10:14:52,324 - src.object_detector - INFO - Конфигурация: c:\Git_project\cv_project\models\MobileNetSSD_deploy.prototxt
2025-11-12 10:14:52,324 - src.object_detector - INFO - Целевой класс: 15 (cat)
2025-11-12 10:14:52,324 - MainApplication - INFO - Инициализация детектора пересечения линии...
2025-11-12 10:14:52,324 - MainApplication - INFO - Инициализация детектора пересечения линии...
2025-11-12 10:14:52,324 - src.line_crossing_detector - INFO - Детектор линии инициализирован с координатами: (320, 360, 960, 360)
2025-11-12 10:14:52,325 - MainApplication - INFO - Инициализация звуковой системы...
2025-11-12 10:14:52,325 - MainApplication - INFO - Инициализация звуковой системы...
2025-11-12 10:14:52,660 - src.sound_player - INFO - Pygame mixer инициализирован
2025-11-12 10:14:52,661 - src.sound_player - INFO - Звуковая система инициализирована: c:\Git_project\cv_project\sounds\beep.wav
2025-11-12 10:14:52,661 - MainApplication - INFO - Инициализация менеджера нарушений...
2025-11-12 10:14:52,661 - MainApplication - INFO - Инициализация менеджера нарушений...
2025-11-12 10:14:52,662 - src.violation_manager - INFO - Директории для нарушений инициализированы
2025-11-12 10:14:52,662 - MainApplication - INFO - Все компоненты успешно инициализированы
2025-11-12 10:14:52,662 - MainApplication - INFO - Все компоненты успешно инициализированы
2025-11-12 10:14:52,670 - src.gui - INFO - GUI инициализирован
2025-11-12 10:14:52,671 - MainApplication - INFO - GUI инициализирован
2025-11-12 10:14:52,671 - MainApplication - INFO - GUI инициализирован
2025-11-12 10:14:52,671 - MainApplication - INFO - Приложение инициализировано успешно
2025-11-12 10:14:52,671 - MainApplication - INFO - Приложение инициализировано успешно
2025-11-12 10:14:52,671 - MainApplication - INFO - Запуск приложения...
2025-11-12 10:14:52,671 - MainApplication - INFO - Запуск приложения...
2025-11-12 10:14:56,557 - MainApplication - INFO - Запуск системы детекции...
2025-11-12 10:14:56,557 - MainApplication - INFO - Запуск системы детекции...
2025-11-12 10:15:06,560 - src.camera - WARNING - Не удалось прочитать кадр
2025-11-12 10:15:06,594 - src.camera - INFO - Ресурсы камеры освобождены
2025-11-12 10:15:09,465 - src.camera - INFO - Камера инициализирована: 1280x720, FPS: 30.00
2025-11-12 10:15:09,465 - MainApplication - ERROR - Не удалось получить кадр с камеры
2025-11-12 10:15:09,465 - MainApplication - ERROR - Не удалось получить кадр с камеры
2025-11-12 10:15:09,466 - MainApplication - INFO - Остановка системы детекции...
2025-11-12 10:15:09,466 - MainApplication - INFO - Остановка системы детекции...
2025-11-12 10:16:40,341 - MainApplication - INFO - Остановка системы детекции...
2025-11-12 10:16:40,341 - MainApplication - INFO - Остановка системы детекции...
2025-11-12 10:17:13,596 - src.sound_player - INFO - Тестирование звуковой системы...
2025-11-12 10:17:13,597 - src.sound_player - INFO - Тест звука завершен успешно
2025-11-12 10:17:15,945 - MainApplication - INFO - Завершение работы приложения...
2025-11-12 10:17:15,945 - MainApplication - INFO - Завершение работы приложения...
2025-11-12 10:17:15,957 - src.camera - INFO - Ресурсы камеры освобождены
2025-11-12 10:17:15,962 - src.utils - INFO - Данные сохранены в c:\Git_project\cv_project\violations\reports\report_violation_20251112_101715_961.json
2025-11-12 10:17:15,962 - src.violation_manager - INFO - Отчет сгенерирован: c:\Git_project\cv_project\violations\reports\report_violation_20251112_101715_961.json
2025-11-12 10:17:15,962 - MainApplication - INFO - Сгенерирован отчет о нарушениях: 0 нарушений
2025-11-12 10:17:15,962 - MainApplication - INFO - Сгенерирован отчет о нарушениях: 0 нарушений
2025-11-12 10:17:15,963 - MainApplication - INFO - Ресурсы освобождены
2025-11-12 10:17:15,963 - MainApplication - INFO - Ресурсы освобождены
